// Jest Snapshot v1, https://goo.gl/fbAQLP

exports[`<Home /> home screen renders correctly 1`] = `
<View>
  <View
    style={
      Array [
        Object {
          "backgroundColor": "rgb(231, 231, 231)",
          "borderTopLeftRadius": 4,
          "borderTopRightRadius": 4,
        },
        Object {},
      ]
    }
  >
    <View
      collapsable={false}
      style={
        Object {
          "backgroundColor": "rgba(0, 0, 0, 0.26)",
          "bottom": 0,
          "height": 2,
          "left": 0,
          "position": "absolute",
          "right": 0,
          "transform": Array [
            Object {
              "scaleY": 0.5,
            },
          ],
          "zIndex": 1,
        }
      }
    />
    <View
      style={
        Array [
          Object {
            "paddingBottom": 0,
            "paddingTop": 0,
          },
          Object {
            "minHeight": 64,
          },
        ]
      }
    >
      <TextInput
        editable={true}
        maxFontSizeMultiplier={1.5}
        multiline={false}
        onBlur={[Function]}
        onChangeText={[Function]}
        onFocus={[Function]}
        onSubmitEditing={[Function]}
        placeholder="Search your movies here"
        placeholderTextColor="rgba(0, 0, 0, 0.54)"
        selectionColor="#6200ee"
        style={
          Array [
            Object {
              "flexGrow": 1,
              "margin": 0,
            },
            Object {
              "paddingLeft": 44,
              "paddingRight": 12,
            },
            Object {
              "height": 64,
            },
            Object {
              "paddingBottom": 0,
              "paddingTop": 0,
            },
            Object {
              "color": "#000000",
              "fontFamily": "System",
              "fontSize": 16,
              "fontVariant": undefined,
              "fontWeight": undefined,
              "textAlign": "left",
              "textAlignVertical": "center",
            },
            false,
            Object {
              "marginLeft": 36,
              "paddingLeft": 8,
            },
          ]
        }
        testID="text-input-flat"
        underlineColorAndroid="transparent"
        value=""
      />
    </View>
    <View
      style={
        Array [
          Object {
            "alignItems": "center",
            "height": 24,
            "justifyContent": "center",
            "position": "absolute",
            "width": 24,
          },
          Object {
            "left": 12,
            "top": 20,
          },
        ]
      }
    >
      <View
        accessibilityRole="button"
        accessibilityState={
          Object {
            "disabled": false,
          }
        }
        accessible={true}
        focusable={true}
        hitSlop={
          Object {
            "bottom": 6,
            "left": 6,
            "right": 6,
            "top": 6,
          }
        }
        onClick={[Function]}
        onResponderGrant={[Function]}
        onResponderMove={[Function]}
        onResponderRelease={[Function]}
        onResponderTerminate={[Function]}
        onResponderTerminationRequest={[Function]}
        onStartShouldSetResponder={[Function]}
        style={
          Array [
            Object {
              "overflow": "hidden",
            },
            Array [
              Object {
                "alignItems": "center",
                "justifyContent": "center",
                "margin": 6,
                "overflow": "hidden",
              },
              Object {
                "borderRadius": 18,
                "height": 36,
                "width": 36,
              },
              undefined,
              Object {
                "margin": 0,
              },
            ],
          ]
        }
      >
        <View>
          <Text />
        </View>
      </View>
    </View>
  </View>
  <Text
    style={
      Object {
        "fontSize": 28,
        "fontWeight": "bold",
        "padding": 10,
      }
    }
  >
    Most Popular
  </Text>
  <RCTScrollView>
    <View>
      <View
        style={
          Object {
            "padding": 10,
          }
        }
      >
        <Text>
          No Movies Found
        </Text>
      </View>
    </View>
  </RCTScrollView>
</View>
`;
